{
  "Items": [
    {
      "Date": "2023-01-01T00:00:00",
      "TemperatureC": 14,
      "TemperatureF": 57,
      "Summary": "Summary"
    }
  ],
  "Page": 0,
  "Size": 1,
  "Total": 3
}